00:00 +0: loading C:/GSOC/LG_Flutter_Stater/test/ui/widgets/custom_action_button_test.dart
00:00 +0: CustomActionButton renders Label and Icon correctly
ΓòÉΓòÉΓòí EXCEPTION CAUGHT BY RENDERING LIBRARY Γò₧ΓòÉΓòÉΓòÉΓòÉΓòÉΓòÉΓòÉΓòÉΓòÉΓòÉΓòÉΓòÉΓòÉΓòÉΓòÉΓòÉΓòÉΓòÉΓòÉΓòÉΓòÉΓòÉΓòÉΓòÉΓòÉΓòÉΓòÉΓòÉΓòÉΓòÉΓòÉΓòÉΓòÉΓòÉΓòÉΓòÉΓòÉΓòÉΓòÉΓòÉΓòÉΓòÉΓòÉΓòÉΓòÉΓòÉΓòÉΓòÉΓòÉΓòÉΓòÉΓòÉΓòÉΓòÉΓòÉΓòÉΓòÉ
The following assertion was thrown during layout:
A RenderFlex overflowed by 14 pixels on the bottom.

The relevant error-causing widget was:
  Column Column:file:///C:/GSOC/LG_Flutter_Stater/lib/ui/widgets/custom_action_button.dart:39:20

The overflowing RenderFlex has an orientation of Axis.vertical.
The edge of the RenderFlex that is overflowing has been marked in the rendering with a yellow and
black striped pattern. This is usually caused by the contents being too big for the RenderFlex.
Consider applying a flex factor (e.g. using an Expanded widget) to force the children of the
RenderFlex to fit within the available space instead of being sized to their natural size.
This is considered an error condition because it indicates that there is content that cannot be
seen. If the content is legitimately bigger than the available space, consider clipping it with a
ClipRect widget before putting it in the flex, or using a scrollable container rather than a Flex,
like a ListView.
The specific RenderFlex in question is: RenderFlex#e3495 OVERFLOWING:
  creator: Column ΓåÉ Padding ΓåÉ Listener ΓåÉ RawGestureDetector ΓåÉ GestureDetector ΓåÉ Semantics ΓåÉ
    DefaultSelectionStyle ΓåÉ Builder ΓåÉ MouseRegion ΓåÉ Semantics ΓåÉ _FocusInheritedScope ΓåÉ Focus ΓåÉ Γï»
  parentData: offset=Offset(12.0, 12.0) (can use size)
  constraints: BoxConstraints(w=118.0, h=68.0)
  size: Size(118.0, 68.0)
  direction: vertical
  mainAxisAlignment: center
  mainAxisSize: max
  crossAxisAlignment: center
  verticalDirection: down
  spacing: 0.0
ΓùóΓùñΓùóΓùñΓùóΓùñΓùóΓùñΓùóΓùñΓùóΓùñΓùóΓùñΓùóΓùñΓùóΓùñΓùóΓùñΓùóΓùñΓùóΓùñΓùóΓùñΓùóΓùñΓùóΓùñΓùóΓùñΓùóΓùñΓùóΓùñΓùóΓùñΓùóΓùñΓùóΓùñΓùóΓùñΓùóΓùñΓùóΓùñΓùóΓùñΓùóΓùñΓùóΓùñΓùóΓùñΓùóΓùñΓùóΓùñΓùóΓùñΓùóΓùñΓùóΓùñΓùóΓùñΓùóΓùñΓùóΓùñΓùóΓùñΓùóΓùñΓùóΓùñΓùóΓùñΓùóΓùñΓùóΓùñΓùóΓùñΓùóΓùñΓùóΓùñΓùóΓùñΓùóΓùñΓùóΓùñΓùóΓùñΓùóΓùñ
ΓòÉΓòÉΓòÉΓòÉΓòÉΓòÉΓòÉΓòÉΓòÉΓòÉΓòÉΓòÉΓòÉΓòÉΓòÉΓòÉΓòÉΓòÉΓòÉΓòÉΓòÉΓòÉΓòÉΓòÉΓòÉΓòÉΓòÉΓòÉΓòÉΓòÉΓòÉΓòÉΓòÉΓòÉΓòÉΓòÉΓòÉΓòÉΓòÉΓòÉΓòÉΓòÉΓòÉΓòÉΓòÉΓòÉΓòÉΓòÉΓòÉΓòÉΓòÉΓòÉΓòÉΓòÉΓòÉΓòÉΓòÉΓòÉΓòÉΓòÉΓòÉΓòÉΓòÉΓòÉΓòÉΓòÉΓòÉΓòÉΓòÉΓòÉΓòÉΓòÉΓòÉΓòÉΓòÉΓòÉΓòÉΓòÉΓòÉΓòÉΓòÉΓòÉΓòÉΓòÉΓòÉΓòÉΓòÉΓòÉΓòÉΓòÉΓòÉΓòÉΓòÉΓòÉΓòÉΓòÉΓòÉΓòÉΓòÉΓòÉ
00:00 +0 -1: CustomActionButton renders Label and Icon correctly [E]
  Test failed. See exception logs above.
  The test description was: renders Label and Icon correctly
  
00:00 +0 -1: CustomActionButton shows loading indicator when isLoading is true
ΓòÉΓòÉΓòí EXCEPTION CAUGHT BY RENDERING LIBRARY Γò₧ΓòÉΓòÉΓòÉΓòÉΓòÉΓòÉΓòÉΓòÉΓòÉΓòÉΓòÉΓòÉΓòÉΓòÉΓòÉΓòÉΓòÉΓòÉΓòÉΓòÉΓòÉΓòÉΓòÉΓòÉΓòÉΓòÉΓòÉΓòÉΓòÉΓòÉΓòÉΓòÉΓòÉΓòÉΓòÉΓòÉΓòÉΓòÉΓòÉΓòÉΓòÉΓòÉΓòÉΓòÉΓòÉΓòÉΓòÉΓòÉΓòÉΓòÉΓòÉΓòÉΓòÉΓòÉΓòÉΓòÉΓòÉ
The following assertion was thrown during layout:
A RenderFlex overflowed by 6.0 pixels on the bottom.

The relevant error-causing widget was:
  Column Column:file:///C:/GSOC/LG_Flutter_Stater/lib/ui/widgets/custom_action_button.dart:39:20

The overflowing RenderFlex has an orientation of Axis.vertical.
The edge of the RenderFlex that is overflowing has been marked in the rendering with a yellow and
black striped pattern. This is usually caused by the contents being too big for the RenderFlex.
Consider applying a flex factor (e.g. using an Expanded widget) to force the children of the
RenderFlex to fit within the available space instead of being sized to their natural size.
This is considered an error condition because it indicates that there is content that cannot be
seen. If the content is legitimately bigger than the available space, consider clipping it with a
ClipRect widget before putting it in the flex, or using a scrollable container rather than a Flex,
like a ListView.
The specific RenderFlex in question is: RenderFlex#200b1 OVERFLOWING:
  creator: Column ΓåÉ Padding ΓåÉ Listener ΓåÉ RawGestureDetector ΓåÉ GestureDetector ΓåÉ Semantics ΓåÉ
    DefaultSelectionStyle ΓåÉ Builder ΓåÉ MouseRegion ΓåÉ Semantics ΓåÉ _FocusInheritedScope ΓåÉ Focus ΓåÉ Γï»
  parentData: offset=Offset(12.0, 12.0) (can use size)
  constraints: BoxConstraints(w=118.0, h=68.0)
  size: Size(118.0, 68.0)
  direction: vertical
  mainAxisAlignment: center
  mainAxisSize: max
  crossAxisAlignment: center
  verticalDirection: down
  spacing: 0.0
ΓùóΓùñΓùóΓùñΓùóΓùñΓùóΓùñΓùóΓùñΓùóΓùñΓùóΓùñΓùóΓùñΓùóΓùñΓùóΓùñΓùóΓùñΓùóΓùñΓùóΓùñΓùóΓùñΓùóΓùñΓùóΓùñΓùóΓùñΓùóΓùñΓùóΓùñΓùóΓùñΓùóΓùñΓùóΓùñΓùóΓùñΓùóΓùñΓùóΓùñΓùóΓùñΓùóΓùñΓùóΓùñΓùóΓùñΓùóΓùñΓùóΓùñΓùóΓùñΓùóΓùñΓùóΓùñΓùóΓùñΓùóΓùñΓùóΓùñΓùóΓùñΓùóΓùñΓùóΓùñΓùóΓùñΓùóΓùñΓùóΓùñΓùóΓùñΓùóΓùñΓùóΓùñΓùóΓùñΓùóΓùñΓùóΓùñΓùóΓùñ
ΓòÉΓòÉΓòÉΓòÉΓòÉΓòÉΓòÉΓòÉΓòÉΓòÉΓòÉΓòÉΓòÉΓòÉΓòÉΓòÉΓòÉΓòÉΓòÉΓòÉΓòÉΓòÉΓòÉΓòÉΓòÉΓòÉΓòÉΓòÉΓòÉΓòÉΓòÉΓòÉΓòÉΓòÉΓòÉΓòÉΓòÉΓòÉΓòÉΓòÉΓòÉΓòÉΓòÉΓòÉΓòÉΓòÉΓòÉΓòÉΓòÉΓòÉΓòÉΓòÉΓòÉΓòÉΓòÉΓòÉΓòÉΓòÉΓòÉΓòÉΓòÉΓòÉΓòÉΓòÉΓòÉΓòÉΓòÉΓòÉΓòÉΓòÉΓòÉΓòÉΓòÉΓòÉΓòÉΓòÉΓòÉΓòÉΓòÉΓòÉΓòÉΓòÉΓòÉΓòÉΓòÉΓòÉΓòÉΓòÉΓòÉΓòÉΓòÉΓòÉΓòÉΓòÉΓòÉΓòÉΓòÉΓòÉΓòÉΓòÉ
00:00 +0 -2: CustomActionButton shows loading indicator when isLoading is true [E]
  Test failed. See exception logs above.
  The test description was: shows loading indicator when isLoading is true
  
00:00 +0 -2: CustomActionButton calls onPressed when tapped
ΓòÉΓòÉΓòí EXCEPTION CAUGHT BY RENDERING LIBRARY Γò₧ΓòÉΓòÉΓòÉΓòÉΓòÉΓòÉΓòÉΓòÉΓòÉΓòÉΓòÉΓòÉΓòÉΓòÉΓòÉΓòÉΓòÉΓòÉΓòÉΓòÉΓòÉΓòÉΓòÉΓòÉΓòÉΓòÉΓòÉΓòÉΓòÉΓòÉΓòÉΓòÉΓòÉΓòÉΓòÉΓòÉΓòÉΓòÉΓòÉΓòÉΓòÉΓòÉΓòÉΓòÉΓòÉΓòÉΓòÉΓòÉΓòÉΓòÉΓòÉΓòÉΓòÉΓòÉΓòÉΓòÉΓòÉ
The following assertion was thrown during layout:
A RenderFlex overflowed by 14 pixels on the bottom.

The relevant error-causing widget was:
  Column Column:file:///C:/GSOC/LG_Flutter_Stater/lib/ui/widgets/custom_action_button.dart:39:20

The overflowing RenderFlex has an orientation of Axis.vertical.
The edge of the RenderFlex that is overflowing has been marked in the rendering with a yellow and
black striped pattern. This is usually caused by the contents being too big for the RenderFlex.
Consider applying a flex factor (e.g. using an Expanded widget) to force the children of the
RenderFlex to fit within the available space instead of being sized to their natural size.
This is considered an error condition because it indicates that there is content that cannot be
seen. If the content is legitimately bigger than the available space, consider clipping it with a
ClipRect widget before putting it in the flex, or using a scrollable container rather than a Flex,
like a ListView.
The specific RenderFlex in question is: RenderFlex#8d1c7 OVERFLOWING:
  creator: Column ΓåÉ Padding ΓåÉ Listener ΓåÉ RawGestureDetector ΓåÉ GestureDetector ΓåÉ Semantics ΓåÉ
    DefaultSelectionStyle ΓåÉ Builder ΓåÉ MouseRegion ΓåÉ Semantics ΓåÉ _FocusInheritedScope ΓåÉ Focus ΓåÉ Γï»
  parentData: offset=Offset(12.0, 12.0) (can use size)
  constraints: BoxConstraints(w=118.0, h=68.0)
  size: Size(118.0, 68.0)
  direction: vertical
  mainAxisAlignment: center
  mainAxisSize: max
  crossAxisAlignment: center
  verticalDirection: down
  spacing: 0.0
ΓùóΓùñΓùóΓùñΓùóΓùñΓùóΓùñΓùóΓùñΓùóΓùñΓùóΓùñΓùóΓùñΓùóΓùñΓùóΓùñΓùóΓùñΓùóΓùñΓùóΓùñΓùóΓùñΓùóΓùñΓùóΓùñΓùóΓùñΓùóΓùñΓùóΓùñΓùóΓùñΓùóΓùñΓùóΓùñΓùóΓùñΓùóΓùñΓùóΓùñΓùóΓùñΓùóΓùñΓùóΓùñΓùóΓùñΓùóΓùñΓùóΓùñΓùóΓùñΓùóΓùñΓùóΓùñΓùóΓùñΓùóΓùñΓùóΓùñΓùóΓùñΓùóΓùñΓùóΓùñΓùóΓùñΓùóΓùñΓùóΓùñΓùóΓùñΓùóΓùñΓùóΓùñΓùóΓùñΓùóΓùñΓùóΓùñΓùóΓùñ
ΓòÉΓòÉΓòÉΓòÉΓòÉΓòÉΓòÉΓòÉΓòÉΓòÉΓòÉΓòÉΓòÉΓòÉΓòÉΓòÉΓòÉΓòÉΓòÉΓòÉΓòÉΓòÉΓòÉΓòÉΓòÉΓòÉΓòÉΓòÉΓòÉΓòÉΓòÉΓòÉΓòÉΓòÉΓòÉΓòÉΓòÉΓòÉΓòÉΓòÉΓòÉΓòÉΓòÉΓòÉΓòÉΓòÉΓòÉΓòÉΓòÉΓòÉΓòÉΓòÉΓòÉΓòÉΓòÉΓòÉΓòÉΓòÉΓòÉΓòÉΓòÉΓòÉΓòÉΓòÉΓòÉΓòÉΓòÉΓòÉΓòÉΓòÉΓòÉΓòÉΓòÉΓòÉΓòÉΓòÉΓòÉΓòÉΓòÉΓòÉΓòÉΓòÉΓòÉΓòÉΓòÉΓòÉΓòÉΓòÉΓòÉΓòÉΓòÉΓòÉΓòÉΓòÉΓòÉΓòÉΓòÉΓòÉΓòÉΓòÉ
00:00 +0 -3: CustomActionButton calls onPressed when tapped [E]
  Test failed. See exception logs above.
  The test description was: calls onPressed when tapped
  
00:00 +0 -3: CustomActionButton does NOT call onPressed when tapped while loading
ΓòÉΓòÉΓòí EXCEPTION CAUGHT BY RENDERING LIBRARY Γò₧ΓòÉΓòÉΓòÉΓòÉΓòÉΓòÉΓòÉΓòÉΓòÉΓòÉΓòÉΓòÉΓòÉΓòÉΓòÉΓòÉΓòÉΓòÉΓòÉΓòÉΓòÉΓòÉΓòÉΓòÉΓòÉΓòÉΓòÉΓòÉΓòÉΓòÉΓòÉΓòÉΓòÉΓòÉΓòÉΓòÉΓòÉΓòÉΓòÉΓòÉΓòÉΓòÉΓòÉΓòÉΓòÉΓòÉΓòÉΓòÉΓòÉΓòÉΓòÉΓòÉΓòÉΓòÉΓòÉΓòÉΓòÉ
The following assertion was thrown during layout:
A RenderFlex overflowed by 6.0 pixels on the bottom.

The relevant error-causing widget was:
  Column Column:file:///C:/GSOC/LG_Flutter_Stater/lib/ui/widgets/custom_action_button.dart:39:20

The overflowing RenderFlex has an orientation of Axis.vertical.
The edge of the RenderFlex that is overflowing has been marked in the rendering with a yellow and
black striped pattern. This is usually caused by the contents being too big for the RenderFlex.
Consider applying a flex factor (e.g. using an Expanded widget) to force the children of the
RenderFlex to fit within the available space instead of being sized to their natural size.
This is considered an error condition because it indicates that there is content that cannot be
seen. If the content is legitimately bigger than the available space, consider clipping it with a
ClipRect widget before putting it in the flex, or using a scrollable container rather than a Flex,
like a ListView.
The specific RenderFlex in question is: RenderFlex#c1701 OVERFLOWING:
  creator: Column ΓåÉ Padding ΓåÉ Listener ΓåÉ RawGestureDetector ΓåÉ GestureDetector ΓåÉ Semantics ΓåÉ
    DefaultSelectionStyle ΓåÉ Builder ΓåÉ MouseRegion ΓåÉ Semantics ΓåÉ _FocusInheritedScope ΓåÉ Focus ΓåÉ Γï»
  parentData: offset=Offset(12.0, 12.0) (can use size)
  constraints: BoxConstraints(w=118.0, h=68.0)
  size: Size(118.0, 68.0)
  direction: vertical
  mainAxisAlignment: center
  mainAxisSize: max
  crossAxisAlignment: center
  verticalDirection: down
  spacing: 0.0
ΓùóΓùñΓùóΓùñΓùóΓùñΓùóΓùñΓùóΓùñΓùóΓùñΓùóΓùñΓùóΓùñΓùóΓùñΓùóΓùñΓùóΓùñΓùóΓùñΓùóΓùñΓùóΓùñΓùóΓùñΓùóΓùñΓùóΓùñΓùóΓùñΓùóΓùñΓùóΓùñΓùóΓùñΓùóΓùñΓùóΓùñΓùóΓùñΓùóΓùñΓùóΓùñΓùóΓùñΓùóΓùñΓùóΓùñΓùóΓùñΓùóΓùñΓùóΓùñΓùóΓùñΓùóΓùñΓùóΓùñΓùóΓùñΓùóΓùñΓùóΓùñΓùóΓùñΓùóΓùñΓùóΓùñΓùóΓùñΓùóΓùñΓùóΓùñΓùóΓùñΓùóΓùñΓùóΓùñΓùóΓùñΓùóΓùñΓùóΓùñ
ΓòÉΓòÉΓòÉΓòÉΓòÉΓòÉΓòÉΓòÉΓòÉΓòÉΓòÉΓòÉΓòÉΓòÉΓòÉΓòÉΓòÉΓòÉΓòÉΓòÉΓòÉΓòÉΓòÉΓòÉΓòÉΓòÉΓòÉΓòÉΓòÉΓòÉΓòÉΓòÉΓòÉΓòÉΓòÉΓòÉΓòÉΓòÉΓòÉΓòÉΓòÉΓòÉΓòÉΓòÉΓòÉΓòÉΓòÉΓòÉΓòÉΓòÉΓòÉΓòÉΓòÉΓòÉΓòÉΓòÉΓòÉΓòÉΓòÉΓòÉΓòÉΓòÉΓòÉΓòÉΓòÉΓòÉΓòÉΓòÉΓòÉΓòÉΓòÉΓòÉΓòÉΓòÉΓòÉΓòÉΓòÉΓòÉΓòÉΓòÉΓòÉΓòÉΓòÉΓòÉΓòÉΓòÉΓòÉΓòÉΓòÉΓòÉΓòÉΓòÉΓòÉΓòÉΓòÉΓòÉΓòÉΓòÉΓòÉΓòÉ
00:00 +0 -4: CustomActionButton does NOT call onPressed when tapped while loading [E]
  Test failed. See exception logs above.
  The test description was: does NOT call onPressed when tapped while loading
  
00:00 +0 -4: Some tests failed.
